// Jest Snapshot v1, https://goo.gl/fbAQLP

exports[`Test Info 1`] = `
<div>
  <header
    className="header"
  >
    <a
      href="/"
      onClick={[Function]}
    >
      <img
        className="logo"
        src="test-file-stub"
      />
    </a>
    <div>
      <button
        className="hamburger-button"
        onClick={[Function]}
      >
        <div
          className="hamburger-line"
        />
        <div
          className="hamburger-line"
        />
        <div
          className="hamburger-line"
        />
      </button>
      <div />
    </div>
  </header>
  <div
    className="main-404"
  >
    <div>
      <h1
        className="code404"
      >
         404 
      </h1>
      <h2>
         喔不！此頁不存在！ 
      </h2>
      <p>
         請再次確認網址路徑～麻吉感謝你 ❤️ 
      </p>
    </div>
    <img
      className="sad-match"
      src="test-file-stub"
    />
  </div>
</div>
`;

exports[`Test Info 2`] = `
<div>
  <header
    className="header"
  >
    <a
      href="/"
      onClick={[Function]}
    >
      <img
        className="logo"
        src="test-file-stub"
      />
    </a>
    <div>
      <button
        className="hamburger-button"
        onClick={[Function]}
      >
        <div
          className="hamburger-line"
        />
        <div
          className="hamburger-line"
        />
        <div
          className="hamburger-line"
        />
      </button>
      <div />
    </div>
  </header>
  <div
    className="main-404"
  >
    <div>
      <h1
        className="code404"
      >
         404 
      </h1>
      <h2>
         喔不！此頁不存在！ 
      </h2>
      <p>
         請再次確認網址路徑～麻吉感謝你 ❤️ 
      </p>
    </div>
    <img
      className="sad-match"
      src="test-file-stub"
    />
  </div>
</div>
`;
